
##### profile started 2026-10-01 23:50:55 UTC argv=--stage all --smoke

### STAGE profile

  transformer   seq=128       26.8MB     3.94ms (30.79 ms/1k tok)
  transformer   seq=256       28.2MB     4.01ms (15.68 ms/1k tok)
  transformer   seq=512       31.1MB     4.29ms (8.38 ms/1k tok)
  transformer   seq=1024      36.4MB     5.85ms (5.71 ms/1k tok)
  transformer   seq=2048      48.2MB    12.92ms (6.31 ms/1k tok)
  transformer   seq=4096      69.4MB    21.64ms (5.28 ms/1k tok)
  transformer   seq=8192     113.5MB    65.19ms (7.96 ms/1k tok)
  gated_linear  seq=128       27.1MB    12.50ms (97.64 ms/1k tok)
  gated_linear  seq=256       28.3MB    13.94ms (54.47 ms/1k tok)
  gated_linear  seq=512       30.5MB    25.49ms (49.79 ms/1k tok)
  gated_linear  seq=1024      35.0MB    43.07ms (42.06 ms/1k tok)
  gated_linear  seq=2048      44.7MB    80.34ms (39.23 ms/1k tok)
  gated_linear  seq=4096      62.1MB   165.67ms (40.45 ms/1k tok)
  gated_linear  seq=8192      98.3MB   324.21ms (39.58 ms/1k tok)
  hybrid        seq=128       29.2MB     8.48ms (66.25 ms/1k tok)
  hybrid        seq=256       30.4MB    12.21ms (47.68 ms/1k tok)
  hybrid        seq=512       32.9MB    19.90ms (38.86 ms/1k tok)
  hybrid        seq=1024      37.9MB    35.69ms (34.85 ms/1k tok)
  hybrid        seq=2048      49.3MB    65.68ms (32.07 ms/1k tok)
  hybrid        seq=4096      70.1MB   130.26ms (31.80 ms/1k tok)
  hybrid        seq=8192     111.5MB   260.48ms (31.80 ms/1k tok)
wrote experiments/smoke/cost_profile.csv (21 rows)
