
##### train started 2026-10-02 16:57:46 UTC argv=--stage all --smoke

### STAGE train  (hybrid, transformer, gated_linear)


========================================================================
=== TRAIN hybrid -> hybrid_sweep
========================================================================
[sweep] model=hybrid params=2.67M device=cuda max_steps=60 bs=8 patience=8
[sweep] hybrid step    20 loss 3.326 bal 0.000 [assoc 0.000 state 0.000] exact 0.000 diff 0.33 * (1s)
[sweep] hybrid step    40 loss 2.772 bal 0.004 [assoc 0.008 state 0.000] exact 0.000 diff 1.00 * (3s)
[sweep] hybrid step    60 loss 2.264 bal 0.006 [assoc 0.013 state 0.000] exact 0.000 diff 1.00 * (5s)
[sweep] hybrid BEST plateau_acc = 0.0065 -> experiments/smoke/hybrid_sweep
=== hybrid done, best balanced acc = 0.0065
  [sync] published 7 files -> https://github.com/RohanBanerjee88/iota/tree/kaggle-results/runs/r03-smoke

========================================================================
=== TRAIN transformer -> transformer_sweep
========================================================================
[sweep] model=transformer params=2.14M device=cuda max_steps=60 bs=8 patience=8
[sweep] transformer step    20 loss 3.181 bal 0.000 [assoc 0.000 state 0.000] exact 0.000 diff 0.33 * (1s)
[sweep] transformer step    40 loss 2.645 bal 0.003 [assoc 0.005 state 0.000] exact 0.000 diff 1.00 * (1s)
[sweep] transformer step    60 loss 2.328 bal 0.004 [assoc 0.008 state 0.000] exact 0.000 diff 1.00 * (3s)
[sweep] transformer BEST plateau_acc = 0.0039 -> experiments/smoke/transformer_sweep
=== transformer done, best balanced acc = 0.0039
