
##### tune started 2026-10-01 02:56:32 UTC argv=--stage tune --repo BanerjeeRohan44/iota-r02

### STAGE tune  (transformer, hybrid, gated_linear x lr [0.00075, 0.0015, 0.003], 4000 steps each)


=== TUNE transformer lr=0.00075
[sweep] model=transformer params=2.13M device=cuda max_steps=4000 bs=64 patience=1000000
[sweep] transformer step   500 loss 0.319 bal 0.100 [assoc 0.013 state 0.187] exact 0.066 diff 0.00 * (19s)
[sweep] transformer step  1000 loss 0.096 bal 0.153 [assoc 0.020 state 0.286] exact 0.102 diff 0.00 * (38s)
[sweep] transformer step  1500 loss 0.952 bal 0.405 [assoc 0.051 state 0.758] exact 0.273 diff 0.25 * (79s)
[sweep] transformer step  2000 loss 1.079 bal 0.517 [assoc 0.078 state 0.956] exact 0.344 diff 0.50 * (166s)
[sweep] transformer step  2500 loss 1.232 bal 0.528 [assoc 0.077 state 0.978] exact 0.348 diff 0.75 * (306s)
[sweep] transformer step  3000 loss 1.251 bal 0.547 [assoc 0.094 state 1.000] exact 0.363 diff 1.00 * (508s)
[sweep] transformer step  3500 loss 1.246 bal 0.550 [assoc 0.101 state 1.000] exact 0.363 diff 1.00 * (741s)
[sweep] transformer step  4000 loss 1.392 bal 0.551 [assoc 0.101 state 1.000] exact 0.363 diff 1.00 * (975s)
[sweep] transformer BEST plateau_acc = 0.5507 -> experiments/results/tune_transformer_lr0.00075
[tune] transformer lr=0.00075: best balanced 0.5507 (assoc 0.1015, state 1.0) in 976s
  [sync] published 3 files -> https://github.com/RohanBanerjee88/iota/tree/kaggle-results/runs/r02

=== TUNE transformer lr=0.0015
[sweep] model=transformer params=2.13M device=cuda max_steps=4000 bs=64 patience=1000000
[sweep] transformer step   500 loss 0.387 bal 0.068 [assoc 0.015 state 0.121] exact 0.043 diff 0.00 * (19s)
[sweep] transformer step  1000 loss 0.170 bal 0.047 [assoc 0.017 state 0.077] exact 0.027 diff 0.00  (38s)
[sweep] transformer step  1500 loss 1.014 bal 0.305 [assoc 0.061 state 0.549] exact 0.203 diff 0.25 * (78s)
[sweep] transformer step  2000 loss 1.154 bal 0.438 [assoc 0.063 state 0.813] exact 0.301 diff 0.50 * (166s)
[sweep] transformer step  2500 loss 1.268 bal 0.533 [assoc 0.088 state 0.978] exact 0.352 diff 0.75 * (307s)
[sweep] transformer step  3000 loss 1.054 bal 0.560 [assoc 0.164 state 0.956] exact 0.352 diff 1.00 * (508s)
[sweep] transformer step  3500 loss 1.043 bal 0.578 [assoc 0.177 state 0.978] exact 0.359 diff 1.00 * (741s)
[sweep] transformer step  4000 loss 1.141 bal 0.583 [assoc 0.177 state 0.989] exact 0.363 diff 1.00 * (975s)
[sweep] transformer BEST plateau_acc = 0.5830 -> experiments/results/tune_transformer_lr0.0015
[tune] transformer lr=0.0015: best balanced 0.583 (assoc 0.177, state 0.989) in 975s
  [sync] published 4 files -> https://github.com/RohanBanerjee88/iota/tree/kaggle-results/runs/r02

=== TUNE transformer lr=0.003
[sweep] model=transformer params=2.13M device=cuda max_steps=4000 bs=64 patience=1000000
[sweep] transformer step   500 loss 0.698 bal 0.056 [assoc 0.013 state 0.099] exact 0.035 diff 0.00 * (19s)
[sweep] transformer step  1000 loss 0.669 bal 0.056 [assoc 0.013 state 0.099] exact 0.035 diff 0.00  (38s)
[sweep] transformer step  1500 loss 1.798 bal 0.083 [assoc 0.012 state 0.154] exact 0.055 diff 0.25 * (78s)
[sweep] transformer step  2000 loss 1.960 bal 0.151 [assoc 0.017 state 0.286] exact 0.102 diff 0.50 * (164s)
[sweep] transformer step  2500 loss 1.950 bal 0.202 [assoc 0.019 state 0.385] exact 0.137 diff 0.75 * (303s)
[sweep] transformer step  3000 loss 1.962 bal 0.249 [assoc 0.026 state 0.473] exact 0.168 diff 1.00 * (501s)
[sweep] transformer step  3500 loss 1.907 bal 0.352 [assoc 0.022 state 0.681] exact 0.242 diff 1.00 * (730s)
[sweep] transformer step  4000 loss 2.042 bal 0.352 [assoc 0.024 state 0.681] exact 0.242 diff 1.00 * (961s)
[sweep] transformer BEST plateau_acc = 0.3525 -> experiments/results/tune_transformer_lr0.003
[tune] transformer lr=0.003: best balanced 0.3525 (assoc 0.0236, state 0.6813) in 961s
  [sync] published 5 files -> https://github.com/RohanBanerjee88/iota/tree/kaggle-results/runs/r02

=== TUNE hybrid lr=0.00075
[sweep] model=hybrid params=2.66M device=cuda max_steps=4000 bs=64 patience=1000000
[sweep] hybrid step   500 loss 0.051 bal 0.360 [assoc 0.072 state 0.648] exact 0.238 diff 0.00 * (28s)
[sweep] hybrid step  1000 loss 0.067 bal 0.298 [assoc 0.102 state 0.495] exact 0.184 diff 0.00  (56s)
[sweep] hybrid step  1500 loss 0.018 bal 0.698 [assoc 0.483 state 0.912] exact 0.453 diff 0.25 * (113s)
[sweep] hybrid step  2000 loss 0.013 bal 0.907 [assoc 0.836 state 0.978] exact 0.758 diff 0.50 * (236s)
[sweep] hybrid step  2500 loss 0.007 bal 0.994 [assoc 0.987 state 1.000] exact 0.949 diff 0.75 * (433s)
[sweep] hybrid step  3000 loss 0.001 bal 1.000 [assoc 1.000 state 1.000] exact 1.000 diff 1.00 * (709s)
[sweep] hybrid step  3500 loss 0.000 bal 1.000 [assoc 1.000 state 1.000] exact 1.000 diff 1.00  (1028s)
[sweep] hybrid step  4000 loss 0.000 bal 1.000 [assoc 1.000 state 1.000] exact 1.000 diff 1.00  (1347s)
[sweep] hybrid BEST plateau_acc = 1.0000 -> experiments/results/tune_hybrid_lr0.00075
[tune] hybrid lr=0.00075: best balanced 1.0 (assoc 1.0, state 1.0) in 1347s
  [sync] published 6 files -> https://github.com/RohanBanerjee88/iota/tree/kaggle-results/runs/r02

=== TUNE hybrid lr=0.0015
[sweep] model=hybrid params=2.66M device=cuda max_steps=4000 bs=64 patience=1000000
[sweep] hybrid step   500 loss 0.059 bal 0.267 [assoc 0.050 state 0.484] exact 0.172 diff 0.00 * (28s)
[sweep] hybrid step  1000 loss 0.101 bal 0.283 [assoc 0.071 state 0.495] exact 0.180 diff 0.00 * (55s)
[sweep] hybrid step  1500 loss 0.061 bal 0.665 [assoc 0.386 state 0.945] exact 0.414 diff 0.25 * (113s)
[sweep] hybrid step  2000 loss 0.012 bal 0.870 [assoc 0.795 state 0.945] exact 0.707 diff 0.50 * (236s)
[sweep] hybrid step  2500 loss 0.008 bal 0.984 [assoc 0.968 state 1.000] exact 0.906 diff 0.75 * (433s)
[sweep] hybrid step  3000 loss 0.012 bal 0.998 [assoc 0.997 state 1.000] exact 0.984 diff 1.00 * (709s)
[sweep] hybrid step  3500 loss 0.000 bal 1.000 [assoc 1.000 state 1.000] exact 1.000 diff 1.00 * (1028s)
[sweep] hybrid step  4000 loss 0.000 bal 1.000 [assoc 1.000 state 1.000] exact 1.000 diff 1.00  (1348s)
[sweep] hybrid BEST plateau_acc = 1.0000 -> experiments/results/tune_hybrid_lr0.0015
[tune] hybrid lr=0.0015: best balanced 1.0 (assoc 1.0, state 1.0) in 1348s
  [sync] published 7 files -> https://github.com/RohanBanerjee88/iota/tree/kaggle-results/runs/r02

=== TUNE hybrid lr=0.003
[sweep] model=hybrid params=2.66M device=cuda max_steps=4000 bs=64 patience=1000000
[sweep] hybrid step   500 loss 1.214 bal 0.011 [assoc 0.010 state 0.011] exact 0.004 diff 0.00 * (28s)
[sweep] hybrid step  1000 loss 1.058 bal 0.106 [assoc 0.013 state 0.198] exact 0.070 diff 0.00 * (55s)
[sweep] hybrid step  1500 loss 1.690 bal 0.228 [assoc 0.027 state 0.429] exact 0.152 diff 0.25 * (112s)
[sweep] hybrid step  2000 loss 1.673 bal 0.391 [assoc 0.035 state 0.747] exact 0.273 diff 0.50 * (235s)
[sweep] hybrid step  2500 loss 1.756 bal 0.462 [assoc 0.044 state 0.879] exact 0.312 diff 0.75 * (430s)
[sweep] hybrid step  3000 loss 1.749 bal 0.488 [assoc 0.042 state 0.934] exact 0.336 diff 1.00 * (704s)
[sweep] hybrid step  3500 loss 1.690 bal 0.493 [assoc 0.053 state 0.934] exact 0.332 diff 1.00 * (1021s)
[sweep] hybrid step  4000 loss 1.814 bal 0.498 [assoc 0.052 state 0.945] exact 0.336 diff 1.00 * (1339s)
[sweep] hybrid BEST plateau_acc = 0.4985 -> experiments/results/tune_hybrid_lr0.003
[tune] hybrid lr=0.003: best balanced 0.4985 (assoc 0.0519, state 0.9451) in 1340s
  [sync] published 8 files -> https://github.com/RohanBanerjee88/iota/tree/kaggle-results/runs/r02

=== TUNE gated_linear lr=0.00075
[sweep] model=gated_linear params=2.14M device=cuda max_steps=4000 bs=64 patience=1000000
[sweep] gated_linear step   500 loss 1.519 bal 0.020 [assoc 0.008 state 0.033] exact 0.012 diff 0.00 * (24s)
[sweep] gated_linear step  1000 loss 1.260 bal 0.037 [assoc 0.009 state 0.066] exact 0.023 diff 0.00 * (49s)
[sweep] gated_linear step  1500 loss 1.742 bal 0.449 [assoc 0.018 state 0.879] exact 0.316 diff 0.25 * (98s)
[sweep] gated_linear step  2000 loss 1.776 bal 0.496 [assoc 0.036 state 0.956] exact 0.340 diff 0.50 * (205s)
[sweep] gated_linear step  2500 loss 1.635 bal 0.523 [assoc 0.046 state 1.000] exact 0.355 diff 0.75 * (374s)
[sweep] gated_linear step  3000 loss 1.580 bal 0.531 [assoc 0.061 state 1.000] exact 0.363 diff 1.00 * (609s)
[sweep] gated_linear step  3500 loss 1.495 bal 0.536 [assoc 0.072 state 1.000] exact 0.359 diff 1.00 * (880s)
[sweep] gated_linear step  4000 loss 1.646 bal 0.533 [assoc 0.067 state 1.000] exact 0.359 diff 1.00  (1152s)
[sweep] gated_linear BEST plateau_acc = 0.5358 -> experiments/results/tune_gated_linear_lr0.00075
[tune] gated_linear lr=0.00075: best balanced 0.5358 (assoc 0.0716, state 1.0) in 1152s
