
##### profile started 2026-09-30 03:01:56 UTC argv=--stage all --smoke

### STAGE profile

  transformer   seq=128       26.6MB     3.64ms (28.47 ms/1k tok)
  transformer   seq=256       27.9MB     3.63ms (14.19 ms/1k tok)
  transformer   seq=512       30.4MB     3.77ms (7.36 ms/1k tok)
  transformer   seq=1024      35.4MB     6.46ms (6.31 ms/1k tok)
  transformer   seq=2048      46.2MB     9.10ms (4.45 ms/1k tok)
  transformer   seq=4096      65.4MB    23.04ms (5.63 ms/1k tok)
  transformer   seq=8192     105.4MB    64.98ms (7.93 ms/1k tok)
  gated_linear  seq=128       27.1MB     8.69ms (67.86 ms/1k tok)
  gated_linear  seq=256       28.2MB    13.92ms (54.37 ms/1k tok)
  gated_linear  seq=512       30.5MB    23.82ms (46.52 ms/1k tok)
  gated_linear  seq=1024      35.0MB    43.31ms (42.29 ms/1k tok)
  gated_linear  seq=2048      44.8MB    88.88ms (43.40 ms/1k tok)
  gated_linear  seq=4096      62.1MB   163.00ms (39.80 ms/1k tok)
  gated_linear  seq=8192      98.3MB   326.52ms (39.86 ms/1k tok)
  hybrid        seq=128       29.2MB     8.37ms (65.38 ms/1k tok)
  hybrid        seq=256       30.4MB    12.12ms (47.35 ms/1k tok)
  hybrid        seq=512       32.7MB    20.44ms (39.93 ms/1k tok)
  hybrid        seq=1024      37.5MB    34.67ms (33.85 ms/1k tok)
  hybrid        seq=2048      47.8MB    64.52ms (31.50 ms/1k tok)
  hybrid        seq=4096      66.1MB   131.30ms (32.06 ms/1k tok)
  hybrid        seq=8192     104.3MB   258.03ms (31.50 ms/1k tok)
wrote experiments/smoke/cost_profile.csv (21 rows)
