2026-10-05 03:55 UTC  stage=tune:transformer:0.00075  code=a66cc35  files=3
2026-10-05 03:55 UTC  stage=tune:hybrid:0.00075  code=a66cc35  files=4
2026-10-05 03:56 UTC  stage=tune:gated_linear:0.00075  code=a66cc35  files=5
2026-10-05 03:56 UTC  stage=tune  code=a66cc35  files=5
2026-10-05 03:56 UTC  stage=train:hybrid  code=a66cc35  files=7
2026-10-05 03:56 UTC  stage=train:transformer  code=a66cc35  files=8
2026-10-05 03:56 UTC  stage=train:gated_linear  code=a66cc35  files=9
2026-10-05 03:56 UTC  stage=train  code=a66cc35  files=9
2026-10-05 03:56 UTC  stage=sanity  code=a66cc35  files=11
2026-10-05 03:56 UTC  stage=eval 1,3,4,2  code=a66cc35  files=16
2026-10-05 03:57 UTC  stage=profile  code=a66cc35  files=19
2026-10-05 03:57 UTC  stage=plot  code=a66cc35  files=22
2026-10-05 17:29 UTC  stage=tune:transformer:0.00075  code=5026708  files=3
2026-10-05 17:29 UTC  stage=tune:hybrid:0.00075  code=5026708  files=4
2026-10-05 17:29 UTC  stage=tune:gated_linear:0.00075  code=5026708  files=5
2026-10-05 17:29 UTC  stage=tune  code=5026708  files=5
2026-10-05 17:29 UTC  stage=train:hybrid  code=5026708  files=7
2026-10-05 17:29 UTC  stage=train:transformer  code=5026708  files=8
2026-10-05 17:29 UTC  stage=train:gated_linear  code=5026708  files=9
2026-10-05 17:30 UTC  stage=train  code=5026708  files=9
2026-10-05 17:30 UTC  stage=sanity  code=5026708  files=11
2026-10-05 17:30 UTC  stage=eval 1,3,4,2  code=5026708  files=16
