
##### plot started 2026-10-03 06:22:56 UTC argv=--stage plot --repo BanerjeeRohan44/iota-r04

### STAGE plot

  [hf] pulled pass1_capacity.csv
  [hf] pulled pass3_control.csv
  [hf] pulled sanity_indist.csv
wrote experiments/results/money_figure.png
wrote experiments/results/money_figure.pdf
No files have been modified since last commit. Skipping to prevent empty commit.
  [hf] pushed cost_profile.csv
No files have been modified since last commit. Skipping to prevent empty commit.
  [hf] pushed decode_profile.csv
  [hf] pushed money_figure.pdf
Processing Files (0 / 0)      : |          |  0.00B /  0.00B            
New Data Upload               : |          |  0.00B /  0.00B            [A

  .../results/money_figure.png: 100%|██████████|  328kB /  328kB            [A[A

  .../results/money_figure.png: 100%|██████████|  328kB /  328kB            [A[AProcessing Files (1 / 1)      : 100%|██████████|  328kB /  328kB,  820kB/s  
New Data Upload               : 100%|██████████|  328kB /  328kB,  820kB/s  [A

  .../results/money_figure.png: 100%|██████████|  328kB /  328kB            [A[A

  .../results/money_figure.png: 100%|██████████|  328kB /  328kB            [A[AProcessing Files (1 / 1)      : 100%|██████████|  328kB /  328kB,  547kB/s  
New Data Upload               : 100%|██████████|  328kB /  328kB,  547kB/s  
  .../results/money_figure.png: 100%|██████████|  328kB /  328kB            
  [hf] pushed money_figure.png
No files have been modified since last commit. Skipping to prevent empty commit.
  [hf] pushed pass1_capacity.csv
No files have been modified since last commit. Skipping to prevent empty commit.
  [hf] pushed pass2_length.csv
No files have been modified since last commit. Skipping to prevent empty commit.
  [hf] pushed pass3_control.csv
No files have been modified since last commit. Skipping to prevent empty commit.
  [hf] pushed sanity_indist.csv
