2026-10-03 22:45 UTC  stage=tune:transformer:0.00075  code=e713514  files=3
2026-10-03 22:45 UTC  stage=tune:hybrid:0.00075  code=e713514  files=4
2026-10-03 22:45 UTC  stage=tune:gated_linear:0.00075  code=e713514  files=5
2026-10-03 22:45 UTC  stage=tune  code=e713514  files=5
2026-10-03 22:45 UTC  stage=train:hybrid  code=e713514  files=7
2026-10-03 22:46 UTC  stage=train:transformer  code=e713514  files=8
2026-10-03 22:46 UTC  stage=train:gated_linear  code=e713514  files=9
2026-10-03 22:46 UTC  stage=train  code=e713514  files=9
2026-10-03 22:46 UTC  stage=sanity  code=e713514  files=11
2026-10-03 22:46 UTC  stage=eval 1,3,4,2  code=e713514  files=16
2026-10-03 22:46 UTC  stage=profile  code=e713514  files=19
2026-10-03 22:46 UTC  stage=plot  code=e713514  files=22
2026-10-04 06:25 UTC  stage=tune:transformer:0.00075  code=e713514  files=3
2026-10-04 06:25 UTC  stage=tune:hybrid:0.00075  code=e713514  files=4
2026-10-04 06:25 UTC  stage=tune:gated_linear:0.00075  code=e713514  files=5
2026-10-04 06:25 UTC  stage=tune  code=e713514  files=5
2026-10-04 06:25 UTC  stage=train:hybrid  code=e713514  files=7
2026-10-04 06:25 UTC  stage=train:transformer  code=e713514  files=8
2026-10-04 06:25 UTC  stage=train:gated_linear  code=e713514  files=9
2026-10-04 06:25 UTC  stage=train  code=e713514  files=9
2026-10-04 06:25 UTC  stage=sanity  code=e713514  files=11
