
##### tune started 2026-10-06 19:19:25 UTC argv=--stage all --smoke

### STAGE tune  (transformer, hybrid, gated_linear x lr [0.00075], 4000 steps each)


=== TUNE transformer lr=0.00075
[sweep] model=transformer params=2.66M device=cuda max_steps=60 bs=8 patience=1000000
[sweep] transformer step    20 loss 3.350 bal 0.000 [assoc 0.000 state 0.000] exact 0.000 diff 0.33 * (1s)
[sweep] transformer step    40 loss 2.970 bal 0.000 [assoc 0.000 state 0.000] exact 0.000 diff 1.00  (2s)
[sweep] transformer step    60 loss 2.535 bal 0.001 [assoc 0.003 state 0.000] exact 0.000 diff 1.00 * (4s)
[sweep] transformer BEST plateau_acc = 0.0013 -> experiments/smoke/tune_transformer_lr0.00075
[tune] transformer lr=0.00075: best balanced 0.0013 (assoc 0.0026, state 0.0) in 5s
  [sync] published 3 files -> https://github.com/RohanBanerjee88/iota/tree/kaggle-results/runs/r07-smoke

=== TUNE hybrid lr=0.00075
[sweep] model=hybrid params=2.67M device=cuda max_steps=60 bs=8 patience=1000000
[sweep] hybrid step    20 loss 3.350 bal 0.000 [assoc 0.000 state 0.000] exact 0.000 diff 0.33 * (1s)
[sweep] hybrid step    40 loss 2.936 bal 0.004 [assoc 0.008 state 0.000] exact 0.000 diff 1.00 * (3s)
[sweep] hybrid step    60 loss 2.531 bal 0.000 [assoc 0.000 state 0.000] exact 0.000 diff 1.00  (5s)
[sweep] hybrid BEST plateau_acc = 0.0039 -> experiments/smoke/tune_hybrid_lr0.00075
[tune] hybrid lr=0.00075: best balanced 0.0039 (assoc 0.0078, state 0.0) in 6s
  [sync] published 4 files -> https://github.com/RohanBanerjee88/iota/tree/kaggle-results/runs/r07-smoke

=== TUNE gated_linear lr=0.00075
[sweep] model=gated_linear params=2.67M device=cuda max_steps=60 bs=8 patience=1000000
[sweep] gated_linear step    20 loss 3.374 bal 0.000 [assoc 0.000 state 0.000] exact 0.000 diff 0.33 * (1s)
[sweep] gated_linear step    40 loss 2.944 bal 0.000 [assoc 0.000 state 0.000] exact 0.000 diff 1.00  (4s)
[sweep] gated_linear step    60 loss 2.498 bal 0.000 [assoc 0.000 state 0.000] exact 0.000 diff 1.00  (7s)
[sweep] gated_linear BEST plateau_acc = 0.0000 -> experiments/smoke/tune_gated_linear_lr0.00075
[tune] gated_linear lr=0.00075: best balanced 0.0 (assoc 0.0, state 0.0) in 7s
