2026-10-01 23:50 UTC  stage=tune:transformer:0.00075  code=d16845c  files=3
2026-10-01 23:50 UTC  stage=tune:hybrid:0.00075  code=d16845c  files=4
2026-10-01 23:50 UTC  stage=tune:gated_linear:0.00075  code=d16845c  files=5
2026-10-01 23:50 UTC  stage=tune  code=d16845c  files=5
2026-10-01 23:50 UTC  stage=train:hybrid  code=d16845c  files=7
2026-10-01 23:50 UTC  stage=train:transformer  code=d16845c  files=8
2026-10-01 23:50 UTC  stage=train:gated_linear  code=d16845c  files=9
2026-10-01 23:50 UTC  stage=train  code=d16845c  files=9
2026-10-01 23:50 UTC  stage=sanity  code=d16845c  files=11
2026-10-01 23:50 UTC  stage=eval 1,3,2  code=d16845c  files=15
2026-10-01 23:51 UTC  stage=profile  code=d16845c  files=17
2026-10-01 23:51 UTC  stage=plot  code=d16845c  files=20
2026-10-02 05:46 UTC  stage=tune:transformer:0.00075  code=e048745  files=3
2026-10-02 05:47 UTC  stage=tune:hybrid:0.00075  code=e048745  files=4
2026-10-02 05:47 UTC  stage=tune:gated_linear:0.00075  code=e048745  files=5
2026-10-02 05:47 UTC  stage=tune  code=e048745  files=5
2026-10-02 05:47 UTC  stage=train:hybrid  code=e048745  files=7
2026-10-02 05:47 UTC  stage=train:transformer  code=e048745  files=8
2026-10-02 05:47 UTC  stage=train:gated_linear  code=e048745  files=9
2026-10-02 05:47 UTC  stage=train  code=e048745  files=9
2026-10-02 05:47 UTC  stage=sanity  code=e048745  files=11
2026-10-02 05:47 UTC  stage=eval 1,3,2  code=e048745  files=15
2026-10-02 05:48 UTC  stage=profile  code=e048745  files=17
2026-10-02 05:48 UTC  stage=plot  code=e048745  files=20
2026-10-02 16:57 UTC  stage=tune:transformer:0.00075  code=f6bbd0f  files=3
2026-10-02 16:57 UTC  stage=tune:hybrid:0.00075  code=f6bbd0f  files=4
2026-10-02 16:57 UTC  stage=tune:gated_linear:0.00075  code=f6bbd0f  files=5
2026-10-02 16:57 UTC  stage=tune  code=f6bbd0f  files=5
2026-10-02 16:57 UTC  stage=train:hybrid  code=f6bbd0f  files=7
2026-10-02 16:57 UTC  stage=train:transformer  code=f6bbd0f  files=8
2026-10-02 16:58 UTC  stage=train:gated_linear  code=f6bbd0f  files=9
2026-10-02 16:58 UTC  stage=train  code=f6bbd0f  files=9
2026-10-02 16:58 UTC  stage=sanity  code=f6bbd0f  files=11
2026-10-02 16:58 UTC  stage=eval 1,3,2  code=f6bbd0f  files=15
