
##### tune started 2026-10-05 03:55:41 UTC argv=--stage all --smoke

### STAGE tune  (transformer, hybrid, gated_linear x lr [0.00075], 4000 steps each)


=== TUNE transformer lr=0.00075
[sweep] model=transformer params=2.66M device=cuda max_steps=60 bs=8 patience=1000000
[sweep] transformer step    20 loss 3.305 bal 0.000 [assoc 0.000 state 0.000] exact 0.000 diff 0.33 * (1s)
[sweep] transformer step    40 loss 2.915 bal 0.001 [assoc 0.003 state 0.000] exact 0.000 diff 1.00 * (2s)
[sweep] transformer step    60 loss 2.536 bal 0.000 [assoc 0.000 state 0.000] exact 0.000 diff 1.00  (4s)
[sweep] transformer BEST plateau_acc = 0.0013 -> experiments/smoke/tune_transformer_lr0.00075
[tune] transformer lr=0.00075: best balanced 0.0013 (assoc 0.0026, state 0.0) in 5s
  [sync] published 3 files -> https://github.com/RohanBanerjee88/iota/tree/kaggle-results/runs/r06-smoke

=== TUNE hybrid lr=0.00075
[sweep] model=hybrid params=2.67M device=cuda max_steps=60 bs=8 patience=1000000
[sweep] hybrid step    20 loss 3.208 bal 0.000 [assoc 0.000 state 0.000] exact 0.000 diff 0.33 * (1s)
[sweep] hybrid step    40 loss 2.740 bal 0.005 [assoc 0.010 state 0.000] exact 0.000 diff 1.00 * (3s)
[sweep] hybrid step    60 loss 2.306 bal 0.004 [assoc 0.008 state 0.000] exact 0.000 diff 1.00  (6s)
[sweep] hybrid BEST plateau_acc = 0.0052 -> experiments/smoke/tune_hybrid_lr0.00075
[tune] hybrid lr=0.00075: best balanced 0.0052 (assoc 0.0104, state 0.0) in 6s
  [sync] published 4 files -> https://github.com/RohanBanerjee88/iota/tree/kaggle-results/runs/r06-smoke

=== TUNE gated_linear lr=0.00075
[sweep] model=gated_linear params=2.67M device=cuda max_steps=60 bs=8 patience=1000000
[sweep] gated_linear step    20 loss 3.364 bal 0.000 [assoc 0.000 state 0.000] exact 0.000 diff 0.33 * (1s)
[sweep] gated_linear step    40 loss 2.841 bal 0.006 [assoc 0.013 state 0.000] exact 0.000 diff 1.00 * (4s)
[sweep] gated_linear step    60 loss 2.326 bal 0.006 [assoc 0.013 state 0.000] exact 0.000 diff 1.00  (8s)
[sweep] gated_linear BEST plateau_acc = 0.0065 -> experiments/smoke/tune_gated_linear_lr0.00075
[tune] gated_linear lr=0.00075: best balanced 0.0065 (assoc 0.013, state 0.0) in 8s
  [sync] published 5 files -> https://github.com/RohanBanerjee88/iota/tree/kaggle-results/runs/r06-smoke

========================================================================
=== TUNE SUMMARY (best lr per arch by balanced score)
========================================================================
  transformer    lr=0.00075  balanced 0.0013  assoc 0.0026  state 0.0
  hybrid         lr=0.00075  balanced 0.0052  assoc 0.0104  state 0.0
  gated_linear   lr=0.00075  balanced 0.0065  assoc 0.013  state 0.0
