
##### train started 2026-10-07 19:06:50 UTC argv=--stage train --repo BanerjeeRohan44/iota-r09 --reuse transformer=BanerjeeRohan44/iota-r04

### STAGE train  (hybrid, transformer, gated_linear)

[hybrid] no local checkpoint -> trying the Hub

========================================================================
=== TRAIN hybrid -> hybrid_sweep
========================================================================
[sweep] model=hybrid params=2.67M device=cuda max_steps=15000 bs=64 patience=8
[sweep] hybrid step   500 loss 0.162 bal 0.275 [assoc 0.017 state 0.533] exact 0.178 diff 0.00 * (33s)
[sweep] hybrid step  1000 loss 0.009 bal 0.288 [assoc 0.032 state 0.545] exact 0.182 diff 0.00 * (64s)
[sweep] hybrid step  1500 loss 0.073 bal 0.697 [assoc 0.567 state 0.826] exact 0.434 diff 0.25 * (129s)
[sweep] hybrid step  2000 loss 0.009 bal 0.922 [assoc 0.898 state 0.946] exact 0.732 diff 0.50 * (267s)
[sweep] hybrid step  2500 loss 0.011 bal 0.989 [assoc 0.984 state 0.994] exact 0.938 diff 0.75 * (485s)
[sweep] hybrid step  3000 loss 0.000 bal 0.998 [assoc 0.996 state 1.000] exact 0.980 diff 1.00 * (789s)
[sweep] hybrid step  3500 loss 0.000 bal 1.000 [assoc 0.999 state 1.000] exact 0.996 diff 1.00 * (1139s)
[sweep] hybrid step  4000 loss 0.008 bal 0.996 [assoc 0.999 state 0.994] exact 0.992 diff 1.00  (1490s)
[sweep] hybrid step  4500 loss 0.001 bal 0.999 [assoc 0.998 state 1.000] exact 0.992 diff 1.00  (1841s)
[sweep] hybrid step  5000 loss 0.001 bal 1.000 [assoc 1.000 state 1.000] exact 1.000 diff 1.00 * (2192s)
[sweep] hybrid step  5500 loss 0.000 bal 0.999 [assoc 0.998 state 1.000] exact 0.990 diff 1.00  (2542s)
[sweep] hybrid step  6000 loss 0.000 bal 1.000 [assoc 1.000 state 1.000] exact 1.000 diff 1.00  (2893s)
[sweep] hybrid step  6500 loss 0.000 bal 1.000 [assoc 1.000 state 1.000] exact 1.000 diff 1.00  (3243s)
[sweep] hybrid step  7000 loss 0.000 bal 1.000 [assoc 1.000 state 1.000] exact 1.000 diff 1.00  (3594s)
[sweep] hybrid step  7500 loss 0.001 bal 1.000 [assoc 0.999 state 1.000] exact 0.996 diff 1.00  (3945s)
[sweep] hybrid step  8000 loss 0.000 bal 1.000 [assoc 1.000 state 1.000] exact 0.998 diff 1.00  (4297s)
[sweep] hybrid step  8500 loss 0.000 bal 1.000 [assoc 1.000 state 1.000] exact 1.000 diff 1.00  (4648s)
[sweep] hybrid step  9000 loss 0.000 bal 1.000 [assoc 1.000 state 1.000] exact 0.998 diff 1.00  (4998s)
[sweep] hybrid plateaued (patience 8) -> stop
[sweep] hybrid BEST plateau_acc = 1.0000 -> experiments/results/hybrid_sweep
=== hybrid done, best balanced acc = 1.0000
Processing Files (0 / 0)      : |          |  0.00B /  0.00B            
New Data Upload               : |          |  0.00B /  0.00B            [A

  .../hybrid_sweep.safetensors:  72%|███████▏  | 7.77MB / 10.8MB            [A[A

  .../hybrid_sweep.safetensors:  72%|███████▏  | 7.77MB / 10.8MB            [A[AProcessing Files (0 / 1)      :  72%|███████▏  | 7.77MB / 10.8MB, 39.0MB/s  
New Data Upload               :  72%|███████▏  | 7.77MB / 10.8MB, 39.0MB/s  [A

  .../hybrid_sweep.safetensors: 100%|██████████| 10.8MB / 10.8MB            [A[AProcessing Files (1 / 1)      : 100%|██████████| 10.8MB / 10.8MB, 27.0MB/s  
New Data Upload               : 100%|██████████| 10.8MB / 10.8MB, 27.0MB/s  [A

  .../hybrid_sweep.safetensors: 100%|██████████| 10.8MB / 10.8MB            [A[A

  .../hybrid_sweep.safetensors: 100%|██████████| 10.8MB / 10.8MB            [A[AProcessing Files (1 / 1)      : 100%|██████████| 10.8MB / 10.8MB, 18.0MB/s  
New Data Upload               : 100%|██████████| 10.8MB / 10.8MB, 18.0MB/s  
  .../hybrid_sweep.safetensors: 100%|██████████| 10.8MB / 10.8MB            
  [hf] pushed hybrid_sweep.safetensors
  [hf] pushed hybrid_sweep.json
